src/app/api/admin/stats/route.ts
src/app/api/admin/users/[id]/route.ts
src/app/api/admin/users/route.ts
src/app/api/affine/auth/exchange/route.ts
src/app/api/affine/workspace/resolve/route.ts
src/app/api/ai/search/route.ts
src/app/api/audio/synthesize/route.ts
src/app/api/audio/transcribe/route.ts
src/app/api/auth/is-authenticated/route.ts
src/app/api/auth/oauth/initiate/route.ts
src/app/api/auth/oauth/route.ts
src/app/api/autocomplete/documents/route.ts
src/app/api/autocomplete/intent/route.ts
src/app/api/autocomplete/members/route.ts
src/app/api/chat/upload/route.ts
src/app/api/connections/create/route.ts
src/app/api/docs/[...path]/route.ts
src/app/api/inbox/draft/feedback/route.ts
src/app/api/inbox/draft/route.ts
src/app/api/ingestion/crawl/[jobId]/status/route.ts
src/app/api/ingestion/crawl/[jobId]/stream/route.ts
src/app/api/ingestion/crawl/route.ts
src/app/api/ingestion/debug/route.ts
src/app/api/ingestion/ingest-job/route.ts
src/app/api/mcp/servers/[id]/route.ts
src/app/api/mcp/servers/[id]/test/route.ts
src/app/api/mcp/servers/route.ts
src/app/api/oauth/initiate/route.ts
src/app/api/oauth/status/[sessionId]/route.ts
src/app/api/oauth2/[...path]/route.ts
src/app/api/reasoning/[...path]/route.ts
src/app/api/support/agents/route.ts
src/app/api/support/customers/[customerId]/context/route.ts
src/app/api/support/groups/route.ts
src/app/api/support/macros/[id]/execute/route.ts
src/app/api/support/macros/route.ts
src/app/api/support/notifications/[id]/read/route.ts
src/app/api/support/notifications/route.ts
src/app/api/support/reports/route.ts
src/app/api/support/tickets/[id]/articles/route.ts
src/app/api/support/tickets/[id]/quick-replies/route.ts
src/app/api/support/tickets/[id]/route.ts
src/app/api/support/tickets/[id]/sentiment/route.ts
src/app/api/support/tickets/[id]/summarize/route.ts
src/app/api/support/tickets/route.ts
src/app/api/thumbnail/route.ts
src/app/api/user/preferences/route.ts
